// Jest Snapshot v1, https://goo.gl/fbAQLP

exports[`snapshot 1`] = `
Object {
  "Outputs": Object {
    "QueueURL": Object {
      "Value": Object {
        "Fn::GetAtt": Array [
          "ClientGetQueueUrlQueueUrlF1C4909D",
          "QueueUrl",
        ],
      },
    },
  },
  "Parameters": Object {
    "AssetParametersf3d3a3cc7f26921b237eff24fc5dd7aef8f0465a1f376b8f7918eb3d4b3e8797ArtifactHashAAFCA968": Object {
      "Description": "Artifact hash for asset \\"f3d3a3cc7f26921b237eff24fc5dd7aef8f0465a1f376b8f7918eb3d4b3e8797\\"",
      "Type": "String",
    },
    "AssetParametersf3d3a3cc7f26921b237eff24fc5dd7aef8f0465a1f376b8f7918eb3d4b3e8797S3BucketBEE108A9": Object {
      "Description": "S3 bucket for asset \\"f3d3a3cc7f26921b237eff24fc5dd7aef8f0465a1f376b8f7918eb3d4b3e8797\\"",
      "Type": "String",
    },
    "AssetParametersf3d3a3cc7f26921b237eff24fc5dd7aef8f0465a1f376b8f7918eb3d4b3e8797S3VersionKeyA877E3C9": Object {
      "Description": "S3 key for asset version \\"f3d3a3cc7f26921b237eff24fc5dd7aef8f0465a1f376b8f7918eb3d4b3e8797\\"",
      "Type": "String",
    },
  },
  "Resources": Object {
    "AWS679f53fac002430cb0da5b7982bd22872D164C4C": Object {
      "DependsOn": Array [
        "AWS679f53fac002430cb0da5b7982bd2287ServiceRoleC1EA0FF2",
      ],
      "Properties": Object {
        "Code": Object {
          "S3Bucket": Object {
            "Ref": "AssetParametersf3d3a3cc7f26921b237eff24fc5dd7aef8f0465a1f376b8f7918eb3d4b3e8797S3BucketBEE108A9",
          },
          "S3Key": Object {
            "Fn::Join": Array [
              "",
              Array [
                Object {
                  "Fn::Select": Array [
                    0,
                    Object {
                      "Fn::Split": Array [
                        "||",
                        Object {
                          "Ref": "AssetParametersf3d3a3cc7f26921b237eff24fc5dd7aef8f0465a1f376b8f7918eb3d4b3e8797S3VersionKeyA877E3C9",
                        },
                      ],
                    },
                  ],
                },
                Object {
                  "Fn::Select": Array [
                    1,
                    Object {
                      "Fn::Split": Array [
                        "||",
                        Object {
                          "Ref": "AssetParametersf3d3a3cc7f26921b237eff24fc5dd7aef8f0465a1f376b8f7918eb3d4b3e8797S3VersionKeyA877E3C9",
                        },
                      ],
                    },
                  ],
                },
              ],
            ],
          },
        },
        "Handler": "index.handler",
        "Role": Object {
          "Fn::GetAtt": Array [
            "AWS679f53fac002430cb0da5b7982bd2287ServiceRoleC1EA0FF2",
            "Arn",
          ],
        },
        "Runtime": "nodejs12.x",
        "Timeout": 120,
      },
      "Type": "AWS::Lambda::Function",
    },
    "AWS679f53fac002430cb0da5b7982bd2287ServiceRoleC1EA0FF2": Object {
      "Properties": Object {
        "AssumeRolePolicyDocument": Object {
          "Statement": Array [
            Object {
              "Action": "sts:AssumeRole",
              "Effect": "Allow",
              "Principal": Object {
                "Service": "lambda.amazonaws.com",
              },
            },
          ],
          "Version": "2012-10-17",
        },
        "ManagedPolicyArns": Array [
          Object {
            "Fn::Join": Array [
              "",
              Array [
                "arn:",
                Object {
                  "Ref": "AWS::Partition",
                },
                ":iam::aws:policy/service-role/AWSLambdaBasicExecutionRole",
              ],
            ],
          },
        ],
      },
      "Type": "AWS::IAM::Role",
    },
    "ClientGetQueueUrlQueueUrlCustomResourcePolicy5DC6A84A": Object {
      "Properties": Object {
        "PolicyDocument": Object {
          "Statement": Array [
            Object {
              "Action": "sqs:GetQueueUrl",
              "Effect": "Allow",
              "Resource": Object {
                "Fn::GetAtt": Array [
                  "Queue4A7E3555",
                  "Arn",
                ],
              },
            },
          ],
          "Version": "2012-10-17",
        },
        "PolicyName": "ClientGetQueueUrlQueueUrlCustomResourcePolicy5DC6A84A",
        "Roles": Array [
          Object {
            "Ref": "AWS679f53fac002430cb0da5b7982bd2287ServiceRoleC1EA0FF2",
          },
        ],
      },
      "Type": "AWS::IAM::Policy",
    },
    "ClientGetQueueUrlQueueUrlF1C4909D": Object {
      "DeletionPolicy": "Delete",
      "DependsOn": Array [
        "ClientGetQueueUrlQueueUrlCustomResourcePolicy5DC6A84A",
      ],
      "Properties": Object {
        "Create": Object {
          "Fn::Join": Array [
            "",
            Array [
              "{\\"action\\":\\"getQueueUrl\\",\\"service\\":\\"SQS\\",\\"physicalResourceId\\":{\\"id\\":\\"SQS.GetQueueUrl.QueueUrl\\"},\\"outputPath\\":\\"QueueUrl\\",\\"parameters\\":{\\"QueueName\\":\\"",
              Object {
                "Fn::GetAtt": Array [
                  "Queue4A7E3555",
                  "QueueName",
                ],
              },
              "\\"}}",
            ],
          ],
        },
        "InstallLatestAwsSdk": true,
        "ServiceToken": Object {
          "Fn::GetAtt": Array [
            "AWS679f53fac002430cb0da5b7982bd22872D164C4C",
            "Arn",
          ],
        },
        "Update": Object {
          "Fn::Join": Array [
            "",
            Array [
              "{\\"action\\":\\"getQueueUrl\\",\\"service\\":\\"SQS\\",\\"physicalResourceId\\":{\\"id\\":\\"SQS.GetQueueUrl.QueueUrl\\"},\\"outputPath\\":\\"QueueUrl\\",\\"parameters\\":{\\"QueueName\\":\\"",
              Object {
                "Fn::GetAtt": Array [
                  "Queue4A7E3555",
                  "QueueName",
                ],
              },
              "\\"}}",
            ],
          ],
        },
      },
      "Type": "Custom::AWS",
      "UpdateReplacePolicy": "Delete",
    },
    "Queue4A7E3555": Object {
      "DeletionPolicy": "Delete",
      "Type": "AWS::SQS::Queue",
      "UpdateReplacePolicy": "Delete",
    },
  },
}
`;
